HI-TECH Software 8051-C Compiler V9.60

Linker command line:

--edf=C:\PROGRA~2\HI-TEC~1\HC51\lite\9.60\dat\en_msgs.txt -h+Z:\pr3.sym -z \
  -Q8051AH -ol.obj -MZ:\pr3.map -E1 -ver=8051-C#V9.60 -ACODE=00h-0FFFh \
  -pvectors=00h -prbit=0/20h,rbss,rdata/CODE,irdata/CODE,idata/rbss \
  -pbss=XDATA/idata -pdata=CODE+100h -pconst=CODE+100h -pstrings=CODE+100h \
  -pnvram=bss,heap C:\Temp\sc88.obj Z:\main_0.obj \
  C:\PROGRA~2\HI-TEC~1\HC51\lite\9.60\lib\51--nsc.lib 

Object code version is 3.8

Machine type is 8051AH

Call graph:

*start1 size 0,0 offset 0
*    _main size 0,0 offset 0
         _dispInit size 0,0 offset 0
             _dispExecute size 0,0 offset 36
*        _dispAnimate size 0,36 offset 0
*            _strlen size 0,0 offset 36
*            _strcpy size 0,0 offset 36
*            _dispExecute size 0,0 offset 36
*            _dispWrite size 0,0 offset 36

		Name          Link     Load   Length Selector Space Scale
C:\Temp\sc88.obj
		vectors          0        0        3       0     0
		text           311      311       14     100     0
Z:\main_0.obj   rbss            20       20        D      20     1
		strings        100      100       14     100     0
		text           114      114      167     100     0

C:\PROGRA~2\HI-TEC~1\HC51\lite\9.60\lib\51--nsc.lib
ldc_byte.obj    text           27B      27B       73     100     0
powerup.obj     text            EF       EF        3       0     0
strcpy.obj      text           2EE      2EE       23     100     0
strlen.obj      text            C3       C3       2C       0     0
div.obj         text             3        3       C0       0     0

COMMON          rbss            2D       2D       53      20     1

TOTAL		Name          Link     Load   Length
	CLASS	CODE     
		vectors          0        0        3
		text           311      311       14
		strings        100      100       14
		text           114      114      167
		text           27B      27B       73
		text            EF       EF        3
		text           2EE      2EE       23
		text            C3       C3       2C
		text             3        3       C0

	CLASS	DATA     
		rbss            20       20       60

	CLASS	XDATA    

	CLASS	BITSEG   



SEGMENTS	Name		Load	Length	 Top	Selector    Space Class

		vectors         000000	0000F2	0000F2	       0       0  CODE    
		rbit            000020	000060	000080	      20       1  BITSEG  
		data            000100	000225	000325	     100       0  CODE    


UNUSED ADDRESS RANGES

	CODE             0F2-0FF
	                 325-FFF

                                  Symbol Table

?a_dispAnimate   rbss    02D  ?a_dispWriteLine rbss    02D
__Bbss           bss     080  __Bidata         idata   080
__Birdata        irdata  003  __Brbit          rbit    020
__Brdata         rdata   003  __Hbss           bss     080
__Hcode          code    080  __Hconst         const   100
__Hdata          data    100  __Hheap          heap    080
__Hidata         idata   080  __Hirdata        irdata  080
__Hnvram         nvram   080  __Hrbit          rbit    000
__Hrbss          rbss    080  __Hrdata         rdata   080
__Hstrings       strings 114  __Htext          text    080
__Hvectors       vectors 003  __Lbss           bss     080
__Lcode          code    080  __Lconst         const   100
__Ldata          data    100  __Lheap          heap    080
__Lidata         idata   080  __Lirdata        irdata  080
__Lnvram         nvram   080  __Lrbit          rbit    000
__Lrbss          rbss    020  __Lrdata         rdata   080
__Lstrings       strings 100  __Ltext          text    080
__Lvectors       vectors 000  __S0             (abs)   325
_dispAnimate     text    193  _dispComm        rbss    022
_dispExecute     text    184  _dispInit        text    125
_dispWrite       text    156  _dispWriteLine   text    165
_exit            text    322  _i               rbss    020
_main            text    114  _strcpy          text    2EE
_strlen          text    0C3  awdiv            text    093
awmod            text    08B  intlevel0        (abs)   000
intlevel1        (abs)   000  ldb_r0           text    28A
ldb_r1           text    297  ldb_r2           text    2A4
ldb_r3           text    2B1  ldb_r4           text    2BE
ldb_r5           text    2CB  ldb_r6           text    2D8
ldb_r7           text    2E5  ldc_byte         text    27B
ldc_r0           text    286  ldc_r1           text    293
ldc_r2           text    2A0  ldc_r3           text    2AD
ldc_r4           text    2BA  ldc_r5           text    2C7
ldc_r6           text    2D4  ldc_r7           text    2E1
lwdiv            text    058  lwmod            text    064
powerup          text    0EF  small_model      (abs)   001
stack_internal   (abs)   001  start            vectors 000
start1           text    311  
