HI-TECH Software 8051-C Compiler V9.60

Linker command line:

--edf=C:\PROGRA~2\HI-TEC~1\HC51\lite\9.60\dat\en_msgs.txt -h+Z:\pr06.sym -z \
  -Q8051AH -ol.obj -MZ:\pr06.map -E1 -ver=8051-C#V9.60 -ACODE=00h-0FFFh \
  -pvectors=00h -prbit=0/20h,rbss,rdata/CODE,irdata/CODE,idata/rbss \
  -pbss=XDATA/idata -pdata=CODE+100h -pconst=CODE+100h -pstrings=CODE+100h \
  -pnvram=bss,heap C:\Temp\s5mg.obj Z:\main_0.obj \
  C:\PROGRA~2\HI-TEC~1\HC51\lite\9.60\lib\51--nsc.lib 

Object code version is 3.8

Machine type is 8051AH

Call graph:

*start1 size 0,0 offset 0
*    _main size 0,0 offset 0
         _init size 0,0 offset 0
*        _send_ascii_word size 0,8 offset 0
             _strlen size 0,0 offset 8
*            _send_ascii size 0,1 offset 8
*                _send size 0,1 offset 9

		Name          Link     Load   Length Selector Space Scale
C:\Temp\s5mg.obj
		vectors          0        0        3       0     0
		text            A2       A2       14       0     0
Z:\main_0.obj   rbss            20       20        7      20     1
		strings        100      100        5     100     0
		text           105      105      18A     100     0

C:\PROGRA~2\HI-TEC~1\HC51\lite\9.60\lib\51--nsc.lib
ldc_byte.obj    text             3        3       73       0     0
powerup.obj     text            B6       B6        3       0     0
strlen.obj      text            76       76       2C       0     0

COMMON          rbss            27       27        A      20     1

TOTAL		Name          Link     Load   Length
	CLASS	CODE     
		vectors          0        0        3
		text            A2       A2       14
		strings        100      100        5
		text           105      105      18A
		text             3        3       73
		text            B6       B6        3
		text            76       76       2C

	CLASS	DATA     
		rbss            20       20       11

	CLASS	XDATA    

	CLASS	BITSEG   



SEGMENTS	Name		Load	Length	 Top	Selector    Space Class

		vectors         000000	0000B9	0000B9	       0       0  CODE    
		rbit            000020	000011	000031	      20       1  BITSEG  
		data            000100	00018F	00028F	     100       0  CODE    


UNUSED ADDRESS RANGES

	CODE             0B9-0FF
	                 28F-FFF

                                  Symbol Table

?a_send            rbss    030  ?a_send_ascii      rbss    02F
?a_send_ascii_word rbss    027  _N                 rbss    021
__Bbss             bss     031  __Bidata           idata   031
__Birdata          irdata  003  __Brbit            rbit    020
__Brdata           rdata   003  __Hbss             bss     031
__Hcode            code    031  __Hconst           const   100
__Hdata            data    100  __Hheap            heap    031
__Hidata           idata   031  __Hirdata          irdata  031
__Hnvram           nvram   031  __Hrbit            rbit    000
__Hrbss            rbss    031  __Hrdata           rdata   031
__Hstrings         strings 105  __Htext            text    031
__Hvectors         vectors 003  __Lbss             bss     031
__Lcode            code    031  __Lconst           const   100
__Ldata            data    100  __Lheap            heap    031
__Lidata           idata   031  __Lirdata          irdata  031
__Lnvram           nvram   031  __Lrbit            rbit    000
__Lrbss            rbss    020  __Lrdata           rdata   031
__Lstrings         strings 100  __Ltext            text    031
__Lvectors         vectors 000  __S0               (abs)   28F
_cnt               rbss    020  _exit              text    0B3
_i                 rbss    023  _init              text    11C
_main              text    105  _message           rbss    025
_send              text    1C5  _send_ascii        text    14D
_send_ascii_word   text    1D9  _strlen            text    076
intlevel0          (abs)   000  intlevel1          (abs)   000
ldb_r0             text    012  ldb_r1             text    01F
ldb_r2             text    02C  ldb_r3             text    039
ldb_r4             text    046  ldb_r5             text    053
ldb_r6             text    060  ldb_r7             text    06D
ldc_byte           text    003  ldc_r0             text    00E
ldc_r1             text    01B  ldc_r2             text    028
ldc_r3             text    035  ldc_r4             text    042
ldc_r5             text    04F  ldc_r6             text    05C
ldc_r7             text    069  powerup            text    0B6
small_model        (abs)   001  stack_internal     (abs)   001
start              vectors 000  start1             text    0A2
