

HI-TECH Software 8051 Macro Assembler V9.60                                Page 1
                                                       Mon Mar 03 22:53:03 2025

     1                           	psect	idata,class=DATA,space=1,limit=080h
     2                           	psect	irdata,class=DATA,limit=080h
     3                           	global	stack_internal
     4                           	psect	data,class=CODE
     5                           	psect	data
     6                           	global	_arr
     7  00100                     _arr:
     8  00100  79                 	db	(121)
     9  00101  33                 	db	(51)
    10  00102  5B                 	db	(91)
    11  00103  5F                 	db	(95)
    12  00104  70                 	db	(112)
    13  00105  7F                 	db	(127)
    14  00106  7B                 	db	(123)
    15  00107  77                 	db	(119)
    16  00108  1F                 	db	(31)
    17  00109  4E                 	db	(78)
    18  0010A  3D                 	db	(61)
    19  0010B  4F                 	db	(79)
    20  0010C  47                 	db	(71)
    21                           	global	_changeValue
    22                           	signat	_changeValue,88
    23                           	psect	text,class=CODE
    24                           	psect	text
    25                           	file	"D:\MS11ws\2\w02\p02\main.c"
    26                           	line	22
    27  00003                     _changeValue:
    28  00003  80 33              	j	f1441
    29  00005                     f1440:
    30                           ;main.c: 22: void changeValue(){
    31                           
    32                           ;main.c: 23: if (curr > 12)
    33                           
    34                           	global	_curr
    35                           	line	23
    36  00005  E5 21              	mov	a,_curr+1
    37  00007  24 F3              	add	a,#low -(13)
    38  00009  E5 20              	mov	a,_curr
    39  0000B  64 80              	xrl	a,#80h
    40  0000D  34 7F              	addc	a,#(high -(13))xor 80h
    41  0000F  50 02              	bnc	u11
    42  00011  80 02              	jmp	u10
    43  00013                     u11:
    44  00013  80 05              	jmp	l7
    45  00015                     u10:
    46                           ;main.c: 24: curr = 0;
    47                           
    48                           	line	24
    49  00015  E4                 	clr	a
    50  00016  F5 20              	mov	_curr,a
    51  00018  F5 21              	mov	_curr+1,a
    52  0001A                     l7:
    53                           ;main.c: 25: P2 = arr[curr];
    54                           
    55                           	line	25
    56  0001A  E5 21              	mov	a,_curr+1
    57  0001C  24 00              	add	a,#low(_arr)
    58  0001E  F5 82              	mov	dpl,a
    59  00020  E5 20              	mov	a,_curr
    60  00022  34 01              	addc	a,#high(_arr)
    61  00024  F5 83              	mov	dph,a
    62                           	global	ldc_byte
    63  00026  12 007A            	call	ldc_byte
    64  00029  F5 A0              	mov	0A0h,a
    65                           ;main.c: 26: P07 = 1;
    66                           
    67                           	line	26
    68  0002B  D2 87              	setb	p0.7
    69                           ;main.c: 27: P07 = 0;
    70                           
    71                           	line	27
    72  0002D  C2 87              	clr	p0.7
    73                           ;main.c: 28: curr++;
    74                           
    75                           	line	28
    76  0002F  05 21              	inc	_curr+1
    77  00031  E5 21              	mov	a,_curr+1
    78  00033  70 02              	jnz	u20
    79  00035  05 20              	inc	_curr
    80  00037                     u20:
    81                           ;main.c: 29: }
    82                           
    83                           	line	29
    84  00037                     l6:
    85  00037  22                 	ret
    86  00038                     f1441:
    87  00038  80 CB              	j	f1440
    88  0000                     f1442	equ	0
    89                           	global	_main
    90                           	signat	_main,88
    91                           	line	34
    92  0003A                     _main:
    93  0003A  80 3C              	j	f1451
    94  0003C                     f1450:
    95                           ;main.c: 34: void main() {
    96                           
    97                           ;main.c: 35: P1 = 0x00;
    98                           
    99                           	line	35
   100  0003C  75 90 00           	mov	090h,#0
   101                           ;main.c: 36: P2 = 0x00;
   102                           
   103                           	line	36
   104  0003F  75 A0 00           	mov	0A0h,#0
   105                           ;main.c: 37: curr = 0x00;
   106                           
   107                           	line	37
   108  00042  E4                 	clr	a
   109  00043  F5 20              	mov	_curr,a
   110  00045  F5 21              	mov	_curr+1,a
   111                           ;main.c: 38: i = 0;
   112                           
   113                           	global	_i
   114                           	line	38
   115  00047  E4                 	clr	a
   116  00048  F5 22              	mov	_i,a
   117  0004A  F5 23              	mov	_i+1,a
   118                           ;main.c: 39: for (;;) {
   119                           
   120                           	line	39
   121  0004C                     l9:
   122                           ;main.c: 40: if (P10 == 1) {
   123                           
   124                           	line	40
   125  0004C  30 90 02           	bnb	p1.0, u31
   126  0004F  80 02              	jmp	u30
   127  00051                     u31:
   128  00051  80 22              	jmp	l12
   129  00053                     u30:
   130                           ;main.c: 41: changeValue();
   131                           
   132                           	FNCALL	_main,_changeValue
   133                           	line	41
   134  00053  12 0003            	lcall	_changeValue
   135                           ;main.c: 42: for(i = 0; i < 1; i++);
   136                           
   137                           	line	42
   138  00056  E4                 	clr	a
   139  00057  F5 22              	mov	_i,a
   140  00059  F5 23              	mov	_i+1,a
   141  0005B  80 08              	jmp	l16
   142  0005D                     l13:
   143  0005D  05 23              	inc	_i+1
   144  0005F  E5 23              	mov	a,_i+1
   145  00061  70 02              	jnz	u40
   146  00063  05 22              	inc	_i
   147  00065                     u40:
   148  00065                     l16:
   149  00065  E5 23              	mov	a,_i+1
   150  00067  24 FF              	add	a,#low -(1)
   151  00069  E5 22              	mov	a,_i
   152  0006B  64 80              	xrl	a,#80h
   153  0006D  34 7F              	addc	a,#(high -(1))xor 80h
   154  0006F  50 02              	bnc	u51
   155  00071  80 02              	jmp	u50
   156  00073                     u51:
   157  00073  80 E8              	jmp	l13
   158  00075                     u50:
   159  00075                     l14:
   160                           	line	43
   161  00075                     l12:
   162                           ;main.c: 43: }
   163                           
   164                           ;main.c: 44: }
   165                           
   166                           	line	44
   167  00075  80 D5              	jmp	l9
   168  00077                     l10:
   169                           ;main.c: 45: }
   170                           
   171                           	line	45
   172  00077                     l8:
   173  00077  22                 	ret
   174  00078                     f1451:
   175  00078  80 C2              	j	f1450
   176  0000                     f1452	equ	0
   177  0000                     _A10	equ	162
   178  0000                     _A11	equ	163
   179  0000                     _A12	equ	164
   180  0000                     _A13	equ	165
   181  0000                     _A14	equ	166
   182  0000                     _A15	equ	167
   183  0000                     _A8	equ	160
   184  0000                     _A9	equ	161
   185  0000                     _AC	equ	214
   186  0000                     _ACC0	equ	224
   187  0000                     _ACC1	equ	225
   188  0000                     _ACC2	equ	226
   189  0000                     _ACC3	equ	227
   190  0000                     _ACC4	equ	228
   191  0000                     _ACC5	equ	229
   192  0000                     _ACC6	equ	230
   193  0000                     _ACC7	equ	231
   194  0000                     _AD0	equ	128
   195  0000                     _AD1	equ	129
   196  0000                     _AD2	equ	130
   197  0000                     _AD3	equ	131
   198  0000                     _AD4	equ	132
   199  0000                     _AD5	equ	133
   200  0000                     _AD6	equ	134
   201  0000                     _AD7	equ	135
   202  0000                     _B0	equ	240
   203  0000                     _B1	equ	241
   204  0000                     _B2	equ	242
   205  0000                     _B3	equ	243
   206  0000                     _B4	equ	244
   207  0000                     _B5	equ	245
   208  0000                     _B6	equ	246
   209  0000                     _B7	equ	247
   210  0000                     _CY	equ	215
   211  0000                     _EA	equ	175
   212  0000                     _ES	equ	172
   213  0000                     _ET0	equ	169
   214  0000                     _ET1	equ	171
   215  0000                     _EX0	equ	168
   216  0000                     _EX1	equ	170
   217  0000                     _F0	equ	213
   218  0000                     _IE0	equ	137
   219  0000                     _IE1	equ	139
   220  0000                     _INT0	equ	178
   221  0000                     _INT1	equ	179
   222  0000                     _IT0	equ	136
   223  0000                     _IT1	equ	138
   224  0000                     _OV	equ	210
   225  0000                     _P	equ	208
   226  0000                     _P00	equ	128
   227  0000                     _P01	equ	129
   228  0000                     _P02	equ	130
   229  0000                     _P03	equ	131
   230  0000                     _P04	equ	132
   231  0000                     _P05	equ	133
   232  0000                     _P06	equ	134
   233  0000                     _P07	equ	135
   234  0000                     _P10	equ	144
   235  0000                     _P11	equ	145
   236  0000                     _P12	equ	146
   237  0000                     _P13	equ	147
   238  0000                     _P14	equ	148
   239  0000                     _P15	equ	149
   240  0000                     _P16	equ	150
   241  0000                     _P17	equ	151
   242  0000                     _P20	equ	160
   243  0000                     _P21	equ	161
   244  0000                     _P22	equ	162
   245  0000                     _P23	equ	163
   246  0000                     _P24	equ	164
   247  0000                     _P25	equ	165
   248  0000                     _P26	equ	166
   249  0000                     _P27	equ	167
   250  0000                     _P30	equ	176
   251  0000                     _P31	equ	177
   252  0000                     _P32	equ	178
   253  0000                     _P33	equ	179
   254  0000                     _P34	equ	180
   255  0000                     _P35	equ	181
   256  0000                     _P36	equ	182
   257  0000                     _P37	equ	183
   258  0000                     _PS	equ	188
   259  0000                     _PT0	equ	185
   260  0000                     _PT1	equ	187
   261  0000                     _PX0	equ	184
   262  0000                     _PX1	equ	186
   263  0000                     _RB8	equ	154
   264  0000                     _RD	equ	183
   265  0000                     _REN	equ	156
   266  0000                     _RI	equ	152
   267  0000                     _RS0	equ	211
   268  0000                     _RS1	equ	212
   269  0000                     _RXD	equ	176
   270  0000                     _SM0	equ	159
   271  0000                     _SM1	equ	158
   272  0000                     _SM2	equ	157
   273  0000                     _T0	equ	180
   274  0000                     _T1	equ	181
   275  0000                     _TB8	equ	155
   276  0000                     _TF0	equ	141
   277  0000                     _TF1	equ	143
   278  0000                     _TI	equ	153
   279  0000                     _TR0	equ	140
   280  0000                     _TR1	equ	142
   281  0000                     _TXD	equ	177
   282  0000                     _WR	equ	182
   283  0000                     _ACC	equ	224
   284  0000                     _B	equ	240
   285  0000                     _DPH	equ	131
   286  0000                     _DPL	equ	130
   287  0000                     _IE	equ	168
   288  0000                     _IP	equ	184
   289  0000                     _P0	equ	128
   290  0000                     _P1	equ	144
   291  0000                     _P2	equ	160
   292  0000                     _P3	equ	176
   293  0000                     _PCON	equ	135
   294  0000                     _PSW	equ	208
   295  0000                     _SBUF	equ	153
   296  0000                     _SCON	equ	152
   297  0000                     _SP	equ	129
   298  0000                     _TCON	equ	136
   299  0000                     _TH0	equ	140
   300  0000                     _TH1	equ	141
   301  0000                     _TL0	equ	138
   302  0000                     _TL1	equ	139
   303  0000                     _TMOD	equ	137
   304  0000                     _ACC_BITS	equ	224
   305  0000                     _B_BITS	equ	240
   306  0000                     _IE_BITS	equ	168
   307  0000                     _IP_BITS	equ	184
   308  0000                     _P0_BITS	equ	128
   309  0000                     _P1_BITS	equ	144
   310  0000                     _P2_BITS	equ	160
   311  0000                     _P3_BITS	equ	176
   312  0000                     _PCON_BITS	equ	135
   313  0000                     _PSW_BITS	equ	208
   314  0000                     _SCON_BITS	equ	152
   315  0000                     _TCON_BITS	equ	136
   316  0000                     _TMOD_BITS	equ	137
   317                           	psect	rbss,class=DATA,space=1
   318                           	psect	rbss
   319                           	global	_curr
   320  00020                     _curr:
   321  00020                     	ds	2
   322                           	global	_i
   323  00022                     _i:
   324  00022                     	ds	2


HI-TECH Software 8051 Macro Assembler V9.60                                Page 2
Symbol Table                                           Mon Mar 03 22:53:03 2025

            _B 000F0              _P 000D0              l6 00037  
            l7 0001A              l8 00077              l9 0004C  
            _i 00022    _changeValue 00003             _B0 000F0  
           _B1 000F1             _B2 000F2             _B3 000F3  
           _B4 000F4             _B5 000F5             _B6 000F6  
           _A8 000A0             _B7 000F7             _A9 000A1  
           _F0 000D5             _AC 000D6             l10 00077  
           l12 00075             l13 0005D             l14 00075  
           _EA 000AF             l16 00065             _P0 00080  
           _P1 00090             _P2 000A0             _P3 000B0  
           _IE 000A8             _T0 000B4             _T1 000B5  
           _ES 000AC             _CY 000D7             _IP 000B8  
           _RD 000B7             u10 00015             u11 00013  
           u20 00037             _RI 00098             u30 00053  
           u31 00051             u40 00065             _TI 00099  
           u50 00075             _PS 000BC             u51 00073  
           _OV 000D2             _SP 00081             _WR 000B6  
       _B_BITS 000F0            _A10 000A2            _A11 000A3  
          _A12 000A4            _A13 000A5            _A14 000A6  
          _A15 000A7            _AD0 00080            _AD1 00081  
          _AD2 00082            _AD3 00083            _AD4 00084  
          _AD5 00085            _AD6 00086            _AD7 00087  
          _ACC 000E0            _P00 00080            _P01 00081  
          _P10 00090            _P02 00082            _P11 00091  
          _P03 00083            _P20 000A0            _P12 00092  
          _P04 00084            _P21 000A1            _P13 00093  
          _P05 00085            _P30 000B0            _P22 000A2  
          _P14 00094            _P06 00086            _P31 000B1  
          _P23 000A3            _P15 00095            _P07 00087  
          _P32 000B2            _P24 000A4            _P16 00096  
          _P33 000B3            _P25 000A5            _P17 00097  
          _P34 000B4            _P26 000A6            _P35 000B5  
          _P27 000A7            _P36 000B6            _P37 000B7  
          _IE0 00089            _IE1 0008B            _ET0 000A9  
          _ET1 000AB            _EX0 000A8            _EX1 000AA  
          _DPH 00083            _DPL 00082            _IT0 00088  
          _IT1 0008A            _RB8 0009A            _TF0 0008D  
          _TB8 0009B            _TF1 0008F            _TH0 0008C  
          _TH1 0008D            _SM0 0009F            _SM1 0009E  
          _TL0 0008A            _SM2 0009D            _PT0 000B9  
          _TL1 0008B            _PT1 000BB            _RS0 000D3  
          _RS1 000D4            _REN 0009C            _PX0 000B8  
          _PX1 000BA            _TR0 0008C            _TR1 0008E  
          _RXD 000B0            _PSW 000D0            _TXD 000B1  
      _P0_BITS 00080        _P1_BITS 00090        _P2_BITS 000A0  
      _P3_BITS 000B0            _arr 00100        _IE_BITS 000A8  
     _ACC_BITS 000E0        _IP_BITS 000B8           f1440 00005  
         f1441 00038           f1450 0003C           f1442 00000  
         f1451 00078           f1452 00000           _ACC0 000E0  
         _ACC1 000E1           _ACC2 000E2           _ACC3 000E3  
         _ACC4 000E4           _ACC5 000E5           _ACC6 000E6  
         _ACC7 000E7  stack_internal 00001           _INT0 000B2  
         _INT1 000B3           _PCON 00087           _SCON 00098  
         _SBUF 00099           _TCON 00088           _TMOD 00089  
         _main 0003A           _curr 00020       _PSW_BITS 000D0  
      ldc_byte 0007A      _PCON_BITS 00087      _SCON_BITS 00098  
    _TCON_BITS 00088      _TMOD_BITS 00089  
