HI-TECH Software 8051-C Compiler V9.60

Linker command line:

--edf=C:\PROGRA~2\HI-TEC~1\HC51\lite\9.60\dat\en_msgs.txt -h+Z:\pr4.sym -z \
  -Q8051AH -ol.obj -MZ:\pr4.map -E1 -ver=8051-C#V9.60 -ACODE=00h-0FFFh \
  -pvectors=00h -prbit=0/20h,rbss,rdata/CODE,irdata/CODE,idata/rbss \
  -pbss=XDATA/idata -pdata=CODE+100h -pconst=CODE+100h -pstrings=CODE+100h \
  -pnvram=bss,heap C:\Temp\s5r4.obj Z:\main_0.obj \
  C:\PROGRA~2\HI-TEC~1\HC51\lite\9.60\lib\51--nsc.lib 

Object code version is 3.8

Machine type is 8051AH

Call graph:

*start1 size 0,0 offset 0
*    _main size 0,0 offset 0
         _init size 0,0 offset 0
*        _delayy size 0,4 offset 0

		Name          Link     Load   Length Selector Space Scale
C:\Temp\s5r4.obj
		vectors          0        0        3       0     0
		text            21       21       14       0     0
Z:\main_0.obj   data           100      100        C     100     0
		text           10C      10C      334     100     0

C:\PROGRA~2\HI-TEC~1\HC51\lite\9.60\lib\51--nsc.lib
powerup.obj     text            35       35        3       0     0
mul.obj         text             3        3       1E       0     0

COMMON          rbss            20       20        4      20     1

TOTAL		Name          Link     Load   Length
	CLASS	CODE     
		vectors          0        0        3
		data           100      100        C
		text            21       21       14
		text           10C      10C      334
		text            35       35        3
		text             3        3       1E

	CLASS	DATA     
		rbss            20       20        4

	CLASS	XDATA    

	CLASS	BITSEG   



SEGMENTS	Name		Load	Length	 Top	Selector    Space Class

		vectors         000000	000038	000038	       0       0  CODE    
		rbit            000020	000004	000024	      20       1  BITSEG  
		data            000100	000340	000440	     100       0  CODE    


UNUSED ADDRESS RANGES

	CODE             038-0FF
	                 440-FFF

                                  Symbol Table

?a_delayy      rbss    020  __Bbss         bss     024
__Bidata       idata   024  __Birdata      irdata  003
__Brbit        rbit    020  __Brdata       rdata   003
__Hbss         bss     024  __Hcode        code    024
__Hconst       const   100  __Hdata        data    10C
__Hheap        heap    024  __Hidata       idata   024
__Hirdata      irdata  024  __Hnvram       nvram   024
__Hrbit        rbit    000  __Hrbss        rbss    024
__Hrdata       rdata   024  __Hstrings     strings 100
__Htext        text    024  __Hvectors     vectors 003
__Lbss         bss     024  __Lcode        code    024
__Lconst       const   100  __Ldata        data    100
__Lheap        heap    024  __Lidata       idata   024
__Lirdata      irdata  024  __Lnvram       nvram   024
__Lrbit        rbit    000  __Lrbss        rbss    020
__Lrdata       rdata   024  __Lstrings     strings 100
__Ltext        text    024  __Lvectors     vectors 000
__S0           (abs)   440  _delayy        text    1BD
_dur1          data    100  _dur2          data    102
_dur3          data    104  _dur4          data    106
_dur5          data    108  _dur6          data    10A
_exit          text    032  _init          text    1A9
_main          text    10C  awmul          text    003
intlevel0      (abs)   000  intlevel1      (abs)   000
lwmul          text    003  powerup        text    035
small_model    (abs)   001  stack_internal (abs)   001
start          vectors 000  start1         text    021
